// Jest Snapshot v1, https://goo.gl/fbAQLP

exports[`works 1`] = `
"export interface Pet {
  name: string;
  type: string;
}
export interface Person {
  firstName: string;
  pets: Pet[];
}"
`;
