// Jest Snapshot v1, https://goo.gl/fbAQLP

exports[`works 1`] = `
"export interface Person {
  firstName?: string;
  lastName: string;
  age: number;
  dog: {
    name: string;
    breed: string;
    age?: number;
  };
}"
`;
