// Jest Snapshot v1, https://goo.gl/fbAQLP

exports[`works 1`] = `
"interface Person {
  firstName: string;
  lastName: string;
  age: number;
}"
`;
