// Jest Snapshot v1, https://goo.gl/fbAQLP

exports[`works 1`] = `
"interface Dog {
  name: string;
  breed: string;
  age?: number;
}
interface Person {
  firstName?: string;
  lastName: string;
  age: number;
  dog: Dog;
}"
`;
